// Jest Snapshot v1, https://goo.gl/fbAQLP

exports[`getUrls should parse dashlord.yaml file correctly 1`] = `
[
  {
    "tags": [
      "telecom",
      "provider",
    ],
    "title": "Homepage free.fr",
    "url": "https://www.free.fr",
  },
  {
    "tags": [
      "oldie",
    ],
    "title": "something",
    "url": "https://www.voila.fr",
  },
]
`;

exports[`getUrls should parse dashlord.yml file correctly 1`] = `
[
  {
    "tags": [
      "telecom",
      "provider",
    ],
    "title": "Homepage free.fr",
    "url": "https://www.free.fr",
  },
  {
    "tags": [
      "oldie",
    ],
    "title": "something",
    "url": "https://www.voila.fr",
  },
]
`;
